// Jest Snapshot v1, https://goo.gl/fbAQLP

exports[`Layout component should render children and footer 1`] = `
<div>
  <nav
    class="fix flex justify-between bg-blue w-screen items-center px-5 h-16"
  >
    <button
      class="w-1/3"
    >
      <svg
        fill="currentColor"
        height="22px"
        stroke="currentColor"
        stroke-width="0"
        style="color: white;"
        viewBox="0 0 512 512"
        width="22px"
        xmlns="http://www.w3.org/2000/svg"
      >
        <path
          d="M32 96v64h448V96H32zm0 128v64h448v-64H32zm0 128v64h448v-64H32z"
        />
      </svg>
    </button>
    <div
      class="flex justify-center w-1/3"
    >
      <img
        alt="tmdb mobile logo"
        data-nimg="1"
        decoding="async"
        height="44"
        loading="lazy"
        src="/tmdb_mobile.svg"
        style="color: transparent;"
        width="55"
      />
    </div>
    <div
      class="flex justify-between w-1/3"
    >
      <svg
        fill="currentColor"
        height="22px"
        stroke="currentColor"
        stroke-width="0"
        style="color: white;"
        viewBox="0 0 16 16"
        width="22px"
        xmlns="http://www.w3.org/2000/svg"
      >
        <path
          d="M8 16a2 2 0 0 0 2-2H6a2 2 0 0 0 2 2zm.995-14.901a1 1 0 1 0-1.99 0A5.002 5.002 0 0 0 3 6c0 1.098-.5 6-2 7h14c-1.5-1-2-5.902-2-7 0-2.42-1.72-4.44-4.005-4.901z"
        />
      </svg>
      <svg
        fill="currentColor"
        height="22px"
        stroke="currentColor"
        stroke-width="0"
        style="color: white;"
        viewBox="0 0 24 24"
        width="22px"
        xmlns="http://www.w3.org/2000/svg"
      >
        <path
          d="M0 0h24v24H0V0z"
          fill="none"
        />
        <path
          d="M7 24h2v-2H7v2zm4 0h2v-2h-2v2zm2-22h-2v10h2V2zm3.56 2.44l-1.45 1.45A5.969 5.969 0 0118 11c0 3.31-2.69 6-6 6s-6-2.69-6-6c0-2.17 1.16-4.06 2.88-5.12L7.44 4.44A7.961 7.961 0 004 11c0 4.42 3.58 8 8 8s8-3.58 8-8c0-2.72-1.36-5.12-3.44-6.56zM15 24h2v-2h-2v2z"
        />
      </svg>
      <svg
        fill="currentColor"
        height="22px"
        stroke="currentColor"
        stroke-width="0"
        style="color: rgb(16, 181, 229);"
        viewBox="0 0 24 24"
        width="22px"
        xmlns="http://www.w3.org/2000/svg"
      >
        <path
          d="M10 18a7.952 7.952 0 0 0 4.897-1.688l4.396 4.396 1.414-1.414-4.396-4.396A7.952 7.952 0 0 0 18 10c0-4.411-3.589-8-8-8s-8 3.589-8 8 3.589 8 8 8zm0-14c3.309 0 6 2.691 6 6s-2.691 6-6 6-6-2.691-6-6 2.691-6 6-6z"
        />
      </svg>
    </div>
  </nav>
  <div>
    Test
  </div>
  <footer
    class="bg-blue py-10 px-5"
  >
    <div
      class="mb-8"
    >
      <div
        class="text-white text-lg font-bold"
      >
        THE BASICS
      </div>
      <div
        class="text-white text-base font-normal"
      >
        About TMDB
      </div>
      <div
        class="text-white text-base font-normal"
      >
        Contact Us
      </div>
      <div
        class="text-white text-base font-normal"
      >
        Support Forums
      </div>
      <div
        class="text-white text-base font-normal"
      >
        API
      </div>
      <div
        class="text-white text-base font-normal"
      >
        System Status
      </div>
    </div>
    <div
      class="mb-8"
    >
      <div
        class="text-white text-lg font-bold"
      >
        GET INVOLVED
      </div>
      <div
        class="text-white text-base font-normal"
      >
        Contribution Bible
      </div>
      <div
        class="text-white text-base font-normal"
      >
        Add New Movie
      </div>
      <div
        class="text-white text-base font-normal"
      >
        Add New Tv Show
      </div>
    </div>
    <div
      class="mb-8"
    >
      <div
        class="text-white text-lg font-bold"
      >
        COMMUNITY
      </div>
      <div
        class="text-white text-base font-normal"
      >
        Guidelines
      </div>
      <div
        class="text-white text-base font-normal"
      >
        Discussion
      </div>
      <div
        class="text-white text-base font-normal"
      >
        Leaderboard
      </div>
      <div
        class="text-white text-base font-normal"
      >
        Follow us on Twitter
      </div>
    </div>
    <div
      class="mb-8"
    >
      <div
        class="text-white text-lg font-bold"
      >
        LEGAL
      </div>
      <div
        class="text-white text-base font-normal"
      >
        Terms of Use
      </div>
      <div
        class="text-white text-base font-normal"
      >
        API Terms of Use
      </div>
      <div
        class="text-white text-base font-normal"
      >
        Privacy Policy
      </div>
    </div>
  </footer>
  <div
    class="relative"
  >
    <div
      class="fixed top-16 left-0 h-screen w-64 bg-blue-blur backdrop-blur-[20px]  z-50 transition-transform duration-300 transform -translate-x-full"
    >
      <nav
        class="py-8 px-4"
      >
        <ul>
          <li
            class="mt-2.5"
          >
            <div
              class="text-white text-xl font-normal"
            >
              Movies
            </div>
          </li>
          <li
            class="mt-2.5"
          >
            <div
              class="text-white text-xl font-normal"
            >
              TV Shows
            </div>
          </li>
          <li
            class="mt-2.5"
          >
            <div
              class="text-white text-xl font-normal"
            >
              People
            </div>
          </li>
          <li
            class="mt-2.5"
          >
            <div
              class="text-gray text-base font-normal"
            >
              Contribution Bible
            </div>
          </li>
          <li
            class="mt-2.5"
          >
            <div
              class="text-gray text-base font-normal"
            >
              Apps
            </div>
          </li>
          <li
            class="mt-2.5"
          >
            <div
              class="text-gray text-base font-normal"
            >
              Discussion
            </div>
          </li>
          <li
            class="mt-2.5"
          >
            <div
              class="text-gray text-base font-normal"
            >
              Leaderboard
            </div>
          </li>
          <li
            class="mt-2.5"
          >
            <div
              class="text-gray text-base font-normal"
            >
              API
            </div>
          </li>
          <li
            class="mt-2.5"
          >
            <div
              class="text-gray text-base font-normal"
            >
              Support
            </div>
          </li>
          <li
            class="mt-2.5"
          >
            <div
              class="text-gray text-base font-normal"
            >
              About
            </div>
          </li>
          <li
            class="mt-2.5"
          >
            <div
              class="text-gray text-base font-normal"
            >
              Logout
            </div>
          </li>
        </ul>
      </nav>
    </div>
  </div>
</div>
`;
